/usr/share/dotnet/sdk/6.0.428/Sdks/Microsoft.NET.Sdk/targets/Microsoft.PackageDependencyResolution.targets(267,5): error MSB4018: The "ResolvePackageAssets" task failed unexpectedly. [/app/TemplateProject.csproj]
/usr/share/dotnet/sdk/6.0.428/Sdks/Microsoft.NET.Sdk/targets/Microsoft.PackageDependencyResolution.targets(267,5): error MSB4018: NuGet.Packaging.Core.PackagingException: Unable to find fallback package folder 'C:\Program Files (x86)\Microsoft Visual Studio\Shared\NuGetPackages'. [/app/TemplateProject.csproj]
/usr/share/dotnet/sdk/6.0.428/Sdks/Microsoft.NET.Sdk/targets/Microsoft.PackageDependencyResolution.targets(267,5): error MSB4018:    at NuGet.Packaging.FallbackPackagePathResolver..ctor(String userPackageFolder, IEnumerable`1 fallbackPackageFolders) [/app/TemplateProject.csproj]
/usr/share/dotnet/sdk/6.0.428/Sdks/Microsoft.NET.Sdk/targets/Microsoft.PackageDependencyResolution.targets(267,5): error MSB4018:    at Microsoft.NET.Build.Tasks.NuGetPackageResolver.CreateResolver(IEnumerable`1 packageFolders) [/app/TemplateProject.csproj]
/usr/share/dotnet/sdk/6.0.428/Sdks/Microsoft.NET.Sdk/targets/Microsoft.PackageDependencyResolution.targets(267,5): error MSB4018:    at Microsoft.NET.Build.Tasks.NuGetPackageResolver.CreateResolver(LockFile lockFile) [/app/TemplateProject.csproj]
/usr/share/dotnet/sdk/6.0.428/Sdks/Microsoft.NET.Sdk/targets/Microsoft.PackageDependencyResolution.targets(267,5): error MSB4018:    at Microsoft.NET.Build.Tasks.ResolvePackageAssets.CacheWriter..ctor(ResolvePackageAssets task) [/app/TemplateProject.csproj]
/usr/share/dotnet/sdk/6.0.428/Sdks/Microsoft.NET.Sdk/targets/Microsoft.PackageDependencyResolution.targets(267,5): error MSB4018:    at Microsoft.NET.Build.Tasks.ResolvePackageAssets.CacheReader.CreateReaderFromDisk(ResolvePackageAssets task, Byte[] settingsHash) [/app/TemplateProject.csproj]
/usr/share/dotnet/sdk/6.0.428/Sdks/Microsoft.NET.Sdk/targets/Microsoft.PackageDependencyResolution.targets(267,5): error MSB4018:    at Microsoft.NET.Build.Tasks.ResolvePackageAssets.CacheReader..ctor(ResolvePackageAssets task) [/app/TemplateProject.csproj]
/usr/share/dotnet/sdk/6.0.428/Sdks/Microsoft.NET.Sdk/targets/Microsoft.PackageDependencyResolution.targets(267,5): error MSB4018:    at Microsoft.NET.Build.Tasks.ResolvePackageAssets.ReadItemGroups() [/app/TemplateProject.csproj]
/usr/share/dotnet/sdk/6.0.428/Sdks/Microsoft.NET.Sdk/targets/Microsoft.PackageDependencyResolution.targets(267,5): error MSB4018:    at Microsoft.NET.Build.Tasks.ResolvePackageAssets.ExecuteCore() [/app/TemplateProject.csproj]
/usr/share/dotnet/sdk/6.0.428/Sdks/Microsoft.NET.Sdk/targets/Microsoft.PackageDependencyResolution.targets(267,5): error MSB4018:    at Microsoft.NET.Build.Tasks.TaskBase.Execute() [/app/TemplateProject.csproj]
/usr/share/dotnet/sdk/6.0.428/Sdks/Microsoft.NET.Sdk/targets/Microsoft.PackageDependencyResolution.targets(267,5): error MSB4018:    at Microsoft.Build.BackEnd.TaskExecutionHost.Microsoft.Build.BackEnd.ITaskExecutionHost.Execute() [/app/TemplateProject.csproj]
/usr/share/dotnet/sdk/6.0.428/Sdks/Microsoft.NET.Sdk/targets/Microsoft.PackageDependencyResolution.targets(267,5): error MSB4018:    at Microsoft.Build.BackEnd.TaskBuilder.ExecuteInstantiatedTask(ITaskExecutionHost taskExecutionHost, TaskLoggingContext taskLoggingContext, TaskHost taskHost, ItemBucket bucket, TaskExecutionMode howToExecuteTask) [/app/TemplateProject.csproj]

Build FAILED.

/usr/share/dotnet/sdk/6.0.428/Sdks/Microsoft.NET.Sdk/targets/Microsoft.PackageDependencyResolution.targets(267,5): error MSB4018: The "ResolvePackageAssets" task failed unexpectedly. [/app/TemplateProject.csproj]
/usr/share/dotnet/sdk/6.0.428/Sdks/Microsoft.NET.Sdk/targets/Microsoft.PackageDependencyResolution.targets(267,5): error MSB4018: NuGet.Packaging.Core.PackagingException: Unable to find fallback package folder 'C:\Program Files (x86)\Microsoft Visual Studio\Shared\NuGetPackages'. [/app/TemplateProject.csproj]
/usr/share/dotnet/sdk/6.0.428/Sdks/Microsoft.NET.Sdk/targets/Microsoft.PackageDependencyResolution.targets(267,5): error MSB4018:    at NuGet.Packaging.FallbackPackagePathResolver..ctor(String userPackageFolder, IEnumerable`1 fallbackPackageFolders) [/app/TemplateProject.csproj]
/usr/share/dotnet/sdk/6.0.428/Sdks/Microsoft.NET.Sdk/targets/Microsoft.PackageDependencyResolution.targets(267,5): error MSB4018:    at Microsoft.NET.Build.Tasks.NuGetPackageResolver.CreateResolver(IEnumerable`1 packageFolders) [/app/TemplateProject.csproj]
/usr/share/dotnet/sdk/6.0.428/Sdks/Microsoft.NET.Sdk/targets/Microsoft.PackageDependencyResolution.targets(267,5): error MSB4018:    at Microsoft.NET.Build.Tasks.NuGetPackageResolver.CreateResolver(LockFile lockFile) [/app/TemplateProject.csproj]
/usr/share/dotnet/sdk/6.0.428/Sdks/Microsoft.NET.Sdk/targets/Microsoft.PackageDependencyResolution.targets(267,5): error MSB4018:    at Microsoft.NET.Build.Tasks.ResolvePackageAssets.CacheWriter..ctor(ResolvePackageAssets task) [/app/TemplateProject.csproj]
/usr/share/dotnet/sdk/6.0.428/Sdks/Microsoft.NET.Sdk/targets/Microsoft.PackageDependencyResolution.targets(267,5): error MSB4018:    at Microsoft.NET.Build.Tasks.ResolvePackageAssets.CacheReader.CreateReaderFromDisk(ResolvePackageAssets task, Byte[] settingsHash) [/app/TemplateProject.csproj]
/usr/share/dotnet/sdk/6.0.428/Sdks/Microsoft.NET.Sdk/targets/Microsoft.PackageDependencyResolution.targets(267,5): error MSB4018:    at Microsoft.NET.Build.Tasks.ResolvePackageAssets.CacheReader..ctor(ResolvePackageAssets task) [/app/TemplateProject.csproj]
/usr/share/dotnet/sdk/6.0.428/Sdks/Microsoft.NET.Sdk/targets/Microsoft.PackageDependencyResolution.targets(267,5): error MSB4018:    at Microsoft.NET.Build.Tasks.ResolvePackageAssets.ReadItemGroups() [/app/TemplateProject.csproj]
/usr/share/dotnet/sdk/6.0.428/Sdks/Microsoft.NET.Sdk/targets/Microsoft.PackageDependencyResolution.targets(267,5): error MSB4018:    at Microsoft.NET.Build.Tasks.ResolvePackageAssets.ExecuteCore() [/app/TemplateProject.csproj]
/usr/share/dotnet/sdk/6.0.428/Sdks/Microsoft.NET.Sdk/targets/Microsoft.PackageDependencyResolution.targets(267,5): error MSB4018:    at Microsoft.NET.Build.Tasks.TaskBase.Execute() [/app/TemplateProject.csproj]
/usr/share/dotnet/sdk/6.0.428/Sdks/Microsoft.NET.Sdk/targets/Microsoft.PackageDependencyResolution.targets(267,5): error MSB4018:    at Microsoft.Build.BackEnd.TaskExecutionHost.Microsoft.Build.BackEnd.ITaskExecutionHost.Execute() [/app/TemplateProject.csproj]
/usr/share/dotnet/sdk/6.0.428/Sdks/Microsoft.NET.Sdk/targets/Microsoft.PackageDependencyResolution.targets(267,5): error MSB4018:    at Microsoft.Build.BackEnd.TaskBuilder.ExecuteInstantiatedTask(ITaskExecutionHost taskExecutionHost, TaskLoggingContext taskLoggingContext, TaskHost taskHost, ItemBucket bucket, TaskExecutionMode howToExecuteTask) [/app/TemplateProject.csproj]
    0 Warning(s)
    1 Error(s)

Time Elapsed 00:00:01.55
